../Core/Src/main.c:80:5:main	8	static
../Core/Src/main.c:136:6:SystemClock_Config	88	static
../Core/Src/main.c:183:13:MX_SDIO_SD_Init	4	static
../Core/Src/main.c:211:13:MX_USART2_UART_Init	8	static
../Core/Src/main.c:242:13:MX_DMA_Init	16	static
../Core/Src/main.c:260:13:MX_GPIO_Init	48	static
../Core/Src/main.c:293:6:HAL_UART_Rx_Callback	24	static
../Core/Src/main.c:314:6:SendChunkOverUART	32	static
../Core/Src/main.c:351:6:HAL_UART_TxCpltCallback	16	static
../Core/Src/main.c:357:6:InitSD	16	static
../Core/Src/main.c:395:6:Error_Handler	4	static,ignoring_inline_asm
